// Jest Snapshot v1, https://goo.gl/fbAQLP

exports[`Home component 1`] = `
<DocumentFragment>
  .emotion-4 {
  list-style: none;
  padding: 0;
  margin: 2em 0;
}

.emotion-1 {
  background-color: #fff;
  border-bottom: 1px solid #eee;
  padding: 20px 15px;
  line-height: 20px;
}

.emotion-1 a {
  -webkit-text-decoration: none;
  text-decoration: none;
}

.emotion-0 {
  color: #999;
  font-size: .85em;
}

.emotion-5 {
  position: fixed;
  bottom: 25px;
  right: 25px;
  border: none;
  border-radius: 50%;
  background-color: #f60;
  color: #fff;
  height: 55px;
  width: 55px;
  font-size: 35px;
}

<div>
    <ul
      class="emotion-4"
    >
      <li
        class="emotion-1"
      >
        <a
          href="/discussion/1560466218315"
        >
          How to build the future today
        </a>
        <div
          class="emotion-0"
        >
          <span>
            by condef5 
          </span>
          <span>
            6/13/2019
          </span>
          <span>
            | 1 comments
          </span>
        </div>
      </li>
      <li
        class="emotion-1"
      >
        <a
          href="/discussion/1560462618315"
        >
          How kill to Christopher
        </a>
        <div
          class="emotion-0"
        >
          <span>
            by condef5 
          </span>
          <span>
            6/13/2019
          </span>
          <span>
            | 1 comments
          </span>
        </div>
      </li>
    </ul>
    <button
      aria-label="Add new discussion"
      class="emotion-5"
    >
      +
    </button>
  </div>
</DocumentFragment>
`;

exports[`Home component 2`] = `
<DocumentFragment>
  .emotion-4 {
  list-style: none;
  padding: 0;
  margin: 2em 0;
}

.emotion-1 {
  background-color: #fff;
  border-bottom: 1px solid #eee;
  padding: 20px 15px;
  line-height: 20px;
}

.emotion-1 a {
  -webkit-text-decoration: none;
  text-decoration: none;
}

.emotion-0 {
  color: #999;
  font-size: .85em;
}

.emotion-5 {
  position: fixed;
  bottom: 25px;
  right: 25px;
  border: none;
  border-radius: 50%;
  background-color: #f60;
  color: #fff;
  height: 55px;
  width: 55px;
  font-size: 35px;
}

<div>
    <ul
      class="emotion-4"
    >
      <li
        class="emotion-1"
      >
        <a
          href="/discussion/1560466218315"
        >
          How to build the future today
        </a>
        <div
          class="emotion-0"
        >
          <span>
            by condef5 
          </span>
          <span>
            6/13/2019
          </span>
          <span>
            | 1 comments
          </span>
        </div>
      </li>
      <li
        class="emotion-1"
      >
        <a
          href="/discussion/1560462618315"
        >
          How kill to Christopher
        </a>
        <div
          class="emotion-0"
        >
          <span>
            by condef5 
          </span>
          <span>
            6/13/2019
          </span>
          <span>
            | 1 comments
          </span>
        </div>
      </li>
    </ul>
    <button
      aria-label="Add new discussion"
      class="emotion-5"
    >
      +
    </button>
  </div>
</DocumentFragment>
`;

exports[`Home component 3`] = `
<DocumentFragment>
  .emotion-4 {
  list-style: none;
  padding: 0;
  margin: 2em 0;
}

.emotion-1 {
  background-color: #fff;
  border-bottom: 1px solid #eee;
  padding: 20px 15px;
  line-height: 20px;
}

.emotion-1 a {
  -webkit-text-decoration: none;
  text-decoration: none;
}

.emotion-0 {
  color: #999;
  font-size: .85em;
}

.emotion-5 {
  position: fixed;
  bottom: 25px;
  right: 25px;
  border: none;
  border-radius: 50%;
  background-color: #f60;
  color: #fff;
  height: 55px;
  width: 55px;
  font-size: 35px;
}

<div>
    <ul
      class="emotion-4"
    >
      <li
        class="emotion-1"
      >
        <a
          href="/discussion/1560466218315"
        >
          How to build the future today
        </a>
        <div
          class="emotion-0"
        >
          <span>
            by condef5 
          </span>
          <span>
            6/13/2019
          </span>
          <span>
            | 1 comments
          </span>
        </div>
      </li>
      <li
        class="emotion-1"
      >
        <a
          href="/discussion/1560462618315"
        >
          How kill to Christopher
        </a>
        <div
          class="emotion-0"
        >
          <span>
            by condef5 
          </span>
          <span>
            6/13/2019
          </span>
          <span>
            | 1 comments
          </span>
        </div>
      </li>
    </ul>
    <button
      aria-label="Add new discussion"
      class="emotion-5"
    >
      +
    </button>
  </div>
</DocumentFragment>
`;
